STOP 10
DBGCM_HDR ICYC   1 IFINT  10 MPMXYR  10 NUMYRS  10
DBGCM_CLS   1 START 00000000 GREEN 00000000 PRKILL 00000000
DBGCM_CLS   2 START 00000000 GREEN 00000000 PRKILL 00000000
DBGCM_CLS   3 START 00000000 GREEN 00000000 PRKILL 00000000
DBGCM_CLS   4 START 413758B4 GREEN 413464DE PRKILL 3C83EB13
DBGCM_CLS   5 START 42031AA4 GREEN 41C3EA00 PRKILL 3E8172ED
DBGCM_CLS   6 START 41B276C8 GREEN 406A3223 PRKILL 3F5601C1
DBGCM_CLS   7 START 41814D1E GREEN 3E065EB0 PRKILL 3F7DEBEF
DBGCM_CLS   8 START 4143FA1F GREEN 36C6E3D7 PRKILL 3F7FFFF8
DBGCM_CLS   9 START 40226927 GREEN 3DCF7CEC PRKILL 3F75C794
DBGCM_CLS  10 START 00000000 GREEN 00000000 PRKILL 00000000
DBGCM_REC J    1 IDX   6 DBH 41400000 PROB 40A2F984 XT 40883DB2 WK2 40883DB2
DBGCM_REC J    2 IDX   7 DBH 41600000 PROB 406F7916 XT 406D875E WK2 406D875E
DBGCM_REC J    3 IDX   8 DBH 41800000 PROB 403758B4 XT 403758AE WK2 403758AE
DBGCM_REC J    4 IDX   5 DBH 41200000 PROB 40EAAEFB XT 3FED570F WK2 3FED570F
DBGCM_REC J    5 IDX   5 DBH 41100000 PROB 4110DDCB XT 40128198 WK2 40128198
DBGCM_REC J    6 IDX   6 DBH 41300000 PROB 40C1F40D XT 40A22357 WK2 40A22357
DBGCM_REC J    7 IDX   7 DBH 41500000 PROB 408ADDB1 XT 4089BD13 WK2 4089BD13
DBGCM_REC J    8 IDX   8 DBH 41700000 PROB 40509B8A XT 40509B83 WK2 40509B83
DBGCM_REC J    9 IDX   4 DBH 41000000 PROB 413758B4 XT 3E3CF580 WK2 4014DF12
DBGCM_REC J   10 IDX   9 DBH 41880000 PROB 40226927 XT 401BED40 WK2 401BED40
DBGCM_REC J   11 IDX   6 DBH 41300000 PROB 40C1F40D XT 40A22357 WK2 40A22357
DBGCM_REC J   12 IDX   7 DBH 41500000 PROB 408ADDB1 XT 4089BD13 WK2 4089BD13
DBGCM_REC J   13 IDX   5 DBH 41100000 PROB 4110DDCB XT 40128198 WK2 40128198
DBGCM_REC J   14 IDX   8 DBH 41700000 PROB 40509B8A XT 40509B83 WK2 40509B83
DBGCM_REC J   15 IDX   6 DBH 41400000 PROB 40A2F984 XT 40883DB2 WK2 40883DB2
DBGCM_REC J   16 IDX   5 DBH 41200000 PROB 40EAAEFB XT 3FED570F WK2 3FED570F
DBGCM_REC J   17 IDX   7 DBH 41600000 PROB 406F7916 XT 406D875E WK2 406D875E
DBGCM_REC J   18 IDX   8 DBH 41800000 PROB 403758B4 XT 403758AE WK2 403758AE
